<?xml version="1.0" encoding="UTF-8"?>
<testsuites name="jest tests" tests="1" failures="0" errors="0" time="0.399">
  <testsuite name="undefined" errors="0" failures="0" skipped="0" timestamp="2024-03-23T22:19:25" time="0.126" tests="1">
    <testcase classname=" Example test" name=" Example test" time="0.001">
    </testcase>
  </testsuite>
</testsuites>